[INFO] Scanning for projects...
[INFO] 
[INFO] -------------------------< com.backend:Projet >-------------------------
[INFO] Building Projet 0.0.1-SNAPSHOT
[INFO]   from pom.xml
[INFO] --------------------------------[ jar ]---------------------------------
[INFO] 
[INFO] --- resources:3.3.1:resources (default-resources) @ Projet ---
[INFO] Copying 1 resource from src\main\resources to target\classes
[INFO] Copying 0 resource from src\main\resources to target\classes
[INFO] 
[INFO] --- compiler:3.13.0:compile (default-compile) @ Projet ---
[INFO] Recompiling the module because of changed source code.
[INFO] Compiling 81 source files with javac [debug parameters release 21] to target\classes
[INFO] -------------------------------------------------------------
[ERROR] COMPILATION ERROR : 
[INFO] -------------------------------------------------------------
[ERROR] /C:/Users/youss/Desktop/Projet Fin de etuide/backend/src/main/java/com/backend/Projet/controller/AuthenticationController.java:[5,36] package com.backend.Projet.responses does not exist
[ERROR] /C:/Users/youss/Desktop/Projet Fin de etuide/backend/src/main/java/com/backend/Projet/controller/AuthenticationController.java:[31,27] cannot find symbol
  symbol:   class LoginResponse
  location: class com.backend.Projet.controller.AuthenticationController
[INFO] 2 errors 
[INFO] -------------------------------------------------------------
[INFO] ------------------------------------------------------------------------
[INFO] BUILD FAILURE
[INFO] ------------------------------------------------------------------------
[INFO] Total time:  5.659 s
[INFO] Finished at: 2026-04-10T17:15:20Z
[INFO] ------------------------------------------------------------------------
[ERROR] Failed to execute goal org.apache.maven.plugins:maven-compiler-plugin:3.13.0:compile (default-compile) on project Projet: Compilation failure: Compilation failure: 
[ERROR] /C:/Users/youss/Desktop/Projet Fin de etuide/backend/src/main/java/com/backend/Projet/controller/AuthenticationController.java:[5,36] package com.backend.Projet.responses does not exist
[ERROR] /C:/Users/youss/Desktop/Projet Fin de etuide/backend/src/main/java/com/backend/Projet/controller/AuthenticationController.java:[31,27] cannot find symbol
[ERROR]   symbol:   class LoginResponse
[ERROR]   location: class com.backend.Projet.controller.AuthenticationController
[ERROR] -> [Help 1]
[ERROR] 
[ERROR] To see the full stack trace of the errors, re-run Maven with the -e switch.
[ERROR] Re-run Maven using the -X switch to enable full debug logging.
[ERROR] 
[ERROR] For more information about the errors and possible solutions, please read the following articles:
[ERROR] [Help 1] http://cwiki.apache.org/confluence/display/MAVEN/MojoFailureException
